// Jest Snapshot v1, https://goo.gl/fbAQLP

exports[`CardSection should render successfully 1`] = `
.c0 {
  display: block;
}

.c1 {
  margin-bottom: 16px;
}

<div>
  <div
    class="css-1ijzjjj-StyledCardSection e5y6tk60"
  >
    <span
      class="ant-typography c0 c1 css-14xdwh8-StyledText-StyledTextCaption emffahp0"
    >
      <strong>
        Section
      </strong>
    </span>
  </div>
</div>
`;
